/usr/bin/python3: can't open file '/home/piotr/ble_logger/send_time.py': [Errno 2] No such file or directory
/usr/bin/python3: can't open file '/home/piotr/ble_logger/send_time.py': [Errno 2] No such file or directory
/usr/bin/python3: can't open file '/home/piotr/ble_logger/send_time.py': [Errno 2] No such file or directory
/usr/bin/python3: can't open file '/home/piotr/ble_logger/send_time.py': [Errno 2] No such file or directory
/usr/bin/python3: can't open file '/home/piotr/ble_logger/send_time.py': [Errno 2] No such file or directory
/usr/bin/python3: can't open file '/home/piotr/ble_logger/send_time.py': [Errno 2] No such file or directory
/usr/bin/python3: can't open file '/home/piotr/ble_logger/send_time.py': [Errno 2] No such file or directory
/usr/bin/python3: can't open file '/home/piotr/ble_logger/send_time.py': [Errno 2] No such file or directory
/usr/bin/python3: can't open file '/home/piotr/ble_logger/send_time.py': [Errno 2] No such file or directory
/usr/bin/python3: can't open file '/home/piotr/ble_logger/send_time.py': [Errno 2] No such file or directory
/usr/bin/python3: can't open file '/home/piotr/ble_logger/send_time.py': [Errno 2] No such file or directory
/usr/bin/python3: can't open file '/home/piotr/ble_logger/send_time.py': [Errno 2] No such file or directory
/usr/bin/python3: can't open file '/home/piotr/ble_logger/send_time.py': [Errno 2] No such file or directory
/usr/bin/python3: can't open file '/home/piotr/ble_logger/send_time.py': [Errno 2] No such file or directory
/usr/bin/python3: can't open file '/home/piotr/ble_logger/send_time.py': [Errno 2] No such file or directory
/usr/bin/python3: can't open file '/home/piotr/ble_logger/send_time.py': [Errno 2] No such file or directory
/usr/bin/python3: can't open file '/home/piotr/ble_logger/send_time.py': [Errno 2] No such file or directory
Wykonuje: Wysylanie danych czujnikow do serwera (POST /data)...
Blad wysylania danych czujnikow: 405 Client Error: Not Allowed for url: https://testserwera.pl/data
Wykonuje: Wysylanie meldunku czasu (POST /update)...
Meldunek czasu wyslany pomyslnie. Serwer status: 200
Wykonuje: Rejestracja portu RPi (POST /register/rasp)...
Port RPi zarejestrowany. Publiczny IP pobrano przez Serwer.
Wykonuje: Wysylanie danych czujnikow do serwera (POST /data)...
Blad wysylania danych czujnikow: 405 Client Error: Not Allowed for url: https://testserwera.pl/data
Wykonuje: Wysylanie meldunku czasu (POST /update)...
Meldunek czasu wyslany pomyslnie. Serwer status: 200
Wykonuje: Rejestracja portu RPi (POST /register/rasp)...
Port RPi zarejestrowany. Publiczny IP pobrano przez Serwer.
Wykonuje: Wysylanie danych czujnikow do serwera (POST /data)...
Blad wysylania danych czujnikow: 405 Client Error: Not Allowed for url: https://testserwera.pl/data
Wykonuje: Wysylanie meldunku czasu (POST /update)...
Meldunek czasu wyslany pomyslnie. Serwer status: 200
Wykonuje: Rejestracja portu RPi (POST /register/rasp)...
Port RPi zarejestrowany. Publiczny IP pobrano przez Serwer.
Wykonuje: Wysylanie danych czujnikow do serwera (POST /data)...
Blad wysylania danych czujnikow: 405 Client Error: Not Allowed for url: https://testserwera.pl/data
Wykonuje: Wysylanie meldunku czasu (POST /update)...
Meldunek czasu wyslany pomyslnie. Serwer status: 200
Wykonuje: Rejestracja portu RPi (POST /register/rasp)...
Port RPi zarejestrowany. Publiczny IP pobrano przez Serwer.
Wykonuje: Wysylanie danych czujnikow do serwera (POST /data)...
Blad wysylania danych czujnikow: 405 Client Error: Not Allowed for url: https://testserwera.pl/data
Wykonuje: Wysylanie meldunku czasu (POST /update)...
Meldunek czasu wyslany pomyslnie. Serwer status: 200
Wykonuje: Rejestracja portu RPi (POST /register/rasp)...
Port RPi zarejestrowany. Publiczny IP pobrano przez Serwer.
Wykonuje: Wysylanie danych czujnikow do serwera (POST /data)...
Blad wysylania danych czujnikow: 405 Client Error: Not Allowed for url: https://testserwera.pl/data
Wykonuje: Wysylanie meldunku czasu (POST /update)...
Meldunek czasu wyslany pomyslnie. Serwer status: 200
Wykonuje: Rejestracja portu RPi (POST /register/rasp)...
Port RPi zarejestrowany. Publiczny IP pobrano przez Serwer.
Wykonuje: Wysylanie danych czujnikow do serwera (POST /data)...
Blad wysylania danych czujnikow: 405 Client Error: Not Allowed for url: https://testserwera.pl/data
Wykonuje: Wysylanie meldunku czasu (POST /update)...
Meldunek czasu wyslany pomyslnie. Serwer status: 200
Wykonuje: Rejestracja portu RPi (POST /register/rasp)...
Port RPi zarejestrowany. Publiczny IP pobrano przez Serwer.
Wykonuje: Wysylanie danych czujnikow do serwera (POST /data)...
Blad wysylania danych czujnikow: 405 Client Error: Not Allowed for url: https://testserwera.pl/data
Wykonuje: Wysylanie meldunku czasu (POST /update)...
Meldunek czasu wyslany pomyslnie. Serwer status: 200
Wykonuje: Rejestracja portu RPi (POST /register/rasp)...
Port RPi zarejestrowany. Publiczny IP pobrano przez Serwer.
Wykonuje: Wysylanie danych czujnikow do serwera (POST /data)...
Blad wysylania danych czujnikow: 405 Client Error: Not Allowed for url: https://testserwera.pl/data
Wykonuje: Wysylanie meldunku czasu (POST /update)...
Meldunek czasu wyslany pomyslnie. Serwer status: 200
Wykonuje: Rejestracja portu RPi (POST /register/rasp)...
Port RPi zarejestrowany. Publiczny IP pobrano przez Serwer.
Wykonuje: Wysylanie danych czujnikow do serwera (POST /data)...
Blad wysylania danych czujnikow: 405 Client Error: Not Allowed for url: https://testserwera.pl/data
Wykonuje: Wysylanie meldunku czasu (POST /update)...
Meldunek czasu wyslany pomyslnie. Serwer status: 200
Wykonuje: Rejestracja portu RPi (POST /register/rasp)...
Port RPi zarejestrowany. Publiczny IP pobrano przez Serwer.
Wykonuje: Wysylanie danych czujnikow do serwera (POST /data)...
Blad wysylania danych czujnikow: 405 Client Error: Not Allowed for url: https://testserwera.pl/data
Wykonuje: Wysylanie meldunku czasu (POST /update)...
Meldunek czasu wyslany pomyslnie. Serwer status: 200
Wykonuje: Rejestracja portu RPi (POST /register/rasp)...
Port RPi zarejestrowany. Publiczny IP pobrano przez Serwer.
Wykonuje: Wysylanie danych czujnikow do serwera (POST /data)...
Blad wysylania danych czujnikow: 405 Client Error: Not Allowed for url: https://testserwera.pl/data
Wykonuje: Wysylanie meldunku czasu (POST /update)...
Meldunek czasu wyslany pomyslnie. Serwer status: 200
Wykonuje: Rejestracja portu RPi (POST /register/rasp)...
Port RPi zarejestrowany. Publiczny IP pobrano przez Serwer.
Wykonuje: Wysylanie danych czujnikow do serwera (POST /data)...
Blad wysylania danych czujnikow: 405 Client Error: Not Allowed for url: https://testserwera.pl/data
Wykonuje: Wysylanie meldunku czasu (POST /update)...
Meldunek czasu wyslany pomyslnie. Serwer status: 200
Wykonuje: Rejestracja portu RPi (POST /register/rasp)...
Port RPi zarejestrowany. Publiczny IP pobrano przez Serwer.
Wykonuje: Wysylanie danych czujnikow do serwera (POST /data)...
Blad wysylania danych czujnikow: 405 Client Error: Not Allowed for url: https://testserwera.pl/data
Wykonuje: Wysylanie meldunku czasu (POST /update)...
Meldunek czasu wyslany pomyslnie. Serwer status: 200
Wykonuje: Rejestracja portu RPi (POST /register/rasp)...
Port RPi zarejestrowany. Publiczny IP pobrano przez Serwer.
Wykonuje: Wysylanie danych czujnikow do serwera (POST /data)...
Blad wysylania danych czujnikow: 405 Client Error: Not Allowed for url: https://testserwera.pl/data
Wykonuje: Wysylanie meldunku czasu (POST /update)...
Meldunek czasu wyslany pomyslnie. Serwer status: 200
Wykonuje: Rejestracja portu RPi (POST /register/rasp)...
Port RPi zarejestrowany. Publiczny IP pobrano przez Serwer.
Wykonuje: Wysylanie danych czujnikow do serwera (POST /data)...
Blad wysylania danych czujnikow: 405 Client Error: Not Allowed for url: https://testserwera.pl/data
Wykonuje: Wysylanie meldunku czasu (POST /update)...
Meldunek czasu wyslany pomyslnie. Serwer status: 200
Wykonuje: Rejestracja portu RPi (POST /register/rasp)...
Port RPi zarejestrowany. Publiczny IP pobrano przez Serwer.
Wykonuje: Wysylanie danych czujnikow do serwera (POST /data)...
Blad wysylania danych czujnikow: 405 Client Error: Not Allowed for url: https://testserwera.pl/data
Wykonuje: Wysylanie meldunku czasu (POST /update)...
Meldunek czasu wyslany pomyslnie. Serwer status: 200
Wykonuje: Rejestracja portu RPi (POST /register/rasp)...
Port RPi zarejestrowany. Publiczny IP pobrano przez Serwer.
Wykonuje: Wysylanie danych czujnikow do serwera (POST /data)...
Blad wysylania danych czujnikow: 405 Client Error: Not Allowed for url: https://testserwera.pl/data
Wykonuje: Wysylanie meldunku czasu (POST /update)...
Meldunek czasu wyslany pomyslnie. Serwer status: 200
Wykonuje: Rejestracja portu RPi (POST /register/rasp)...
Port RPi zarejestrowany. Publiczny IP pobrano przez Serwer.
Wykonuje: Wysylanie danych czujnikow do serwera (POST /data)...
Blad wysylania danych czujnikow: 405 Client Error: Not Allowed for url: https://testserwera.pl/data
Wykonuje: Wysylanie meldunku czasu (POST /update)...
Meldunek czasu wyslany pomyslnie. Serwer status: 200
Wykonuje: Rejestracja portu RPi (POST /register/rasp)...
Port RPi zarejestrowany. Publiczny IP pobrano przez Serwer.
